/home/runner/work/FakeStoreAPI/FakeStoreAPI/src/test/java/runner/TestRunner.java
/home/runner/work/FakeStoreAPI/FakeStoreAPI/src/test/java/utilities/JsonUtils.java
/home/runner/work/FakeStoreAPI/FakeStoreAPI/src/test/java/utilities/exceptions/JsonVerificationException.java
/home/runner/work/FakeStoreAPI/FakeStoreAPI/src/test/java/unitTests/JsonUtilsTest.java
/home/runner/work/FakeStoreAPI/FakeStoreAPI/src/test/java/utilities/ConfigurationsReader.java
/home/runner/work/FakeStoreAPI/FakeStoreAPI/src/test/java/runner/FailedTestRunner.java
/home/runner/work/FakeStoreAPI/FakeStoreAPI/src/test/java/stepDefinitions/FilterProductsSteps.java
/home/runner/work/FakeStoreAPI/FakeStoreAPI/src/test/java/pages/Product.java
/home/runner/work/FakeStoreAPI/FakeStoreAPI/src/test/java/utilities/constants/FrameworkConstants.java
/home/runner/work/FakeStoreAPI/FakeStoreAPI/src/test/java/utilities/constants/Messages.java
/home/runner/work/FakeStoreAPI/FakeStoreAPI/src/test/java/utilities/constants/StatusCode.java
